public static void main(String[] args) {
    SetCardBig set = new SetCardBig();
    set.simulate();
    System.out.println(set.result);
}