public static void main(String[] args) {
    SetComplementBig set = new SetComplementBig();
    set.simulate();
    System.out.println(set.set);
}