public static void main(String[] args) {
    LessEqual comparison = new LessEqual();
    comparison.simulate();
    System.out.println(comparison.counter);
}