public static void main(String[] args) {
    Unequal comparison = new Unequal();
    comparison.simulate();
    System.out.println(comparison.counter);
}