public static void main(String[] args) {
    Choice choice = new Choice();
    choice.Inc(new BInteger(10));
}