public static void main(String[] args) {
    While while = new While();
    System.out.println(while.Inc(new BInteger(1)));
}