public static void main(String[] args) {
    RangeElementOfSmall range = new RangeElementOfSmall();
    range.simulate();
    System.out.println(range.counter);
}