public static void main(String[] args) {
    RangeCardSmall range = new RangeCardSmall();
    range.simulate();
    System.out.println(range.result);
}