public static void main(String[] args) {
    RangeSmall range = new RangeSmall();
    range.simulate();
    System.out.println(range.set);
}