public static void main(String[] args) {
    SetComplementSmall set = new SetComplementSmall();
    set.simulate();
    System.out.println(set.set);
}