public static void main(String[] args) {
    SetElementOfSmall set = new SetElementOfSmall();
    set.simulate();
    System.out.println(set.counter);
}