public static void main(String[] args) {
    SetUnionSmall set = new SetUnionSmall();
    set.simulate();
    System.out.println(set.set);
}