public static void main(String[] args) {
    IncreasingSet iset = new IncreasingSet();
    iset.simulate();
    System.out.println(iset.set);
}