public static void main(String[] args) {
    Divide arithmetic = new Divide();
    arithmetic.simulate();
    System.out.println(arithmetic.value);
}