public static void main(String[] args) {
    Minus arithmetic = new Minus();
    arithmetic.simulate();
    System.out.println(arithmetic.value);
}