public static void main(String[] args) {
    Multiply arithmetic = new Multiply();
    arithmetic.simulate();
    System.out.println(arithmetic.value);
}