public static void main(String[] args) {
    RangeElementOfBig range = new RangeElementOfBig();
    range.simulate();
    System.out.println(range.counter);
}